// Jest Snapshot v1, https://goo.gl/fbAQLP

exports[`App component should match the snapshot 1`] = `
ShallowWrapper {
  "length": 1,
  Symbol(enzyme.__root__): [Circular],
  Symbol(enzyme.__unrendered__): <App />,
  Symbol(enzyme.__renderer__): Object {
    "batchedUpdates": [Function],
    "getNode": [Function],
    "render": [Function],
    "simulateEvent": [Function],
    "unmount": [Function],
  },
  Symbol(enzyme.__node__): Object {
    "instance": null,
    "key": undefined,
    "nodeType": "host",
    "props": Object {
      "children": Array [
        <img
          alt="cantina"
          className="cantina-image"
          src="/assets/cantina.jpg"
/>,
        <div
          className="nav-container"
>
          <nav>
                    <Button
                              handleClickEvent={[Function]}
                              section="people"
                    />
                    <Button
                              handleClickEvent={[Function]}
                              section="planets"
                    />
                    <Button
                              handleClickEvent={[Function]}
                              section="vehicles"
                    />
                    <Button
                              favoriteCount={0}
                              handleClickEvent={[Function]}
                              section="favorites"
                    />
          </nav>
          <embed
                    autostart="true"
                    className="music-player"
                    hidden="true"
                    loop="false"
                    src="/assets/Cantina band.mp3"
          />
</div>,
        <Film
          currentRandomFilm={Object {}}
/>,
        <CardContainer
          currentSectionData={Array []}
          handleFavorite={[Function]}
/>,
      ],
      "className": "App",
    },
    "ref": null,
    "rendered": Array [
      Object {
        "instance": null,
        "key": undefined,
        "nodeType": "host",
        "props": Object {
          "alt": "cantina",
          "className": "cantina-image",
          "src": "/assets/cantina.jpg",
        },
        "ref": null,
        "rendered": null,
        "type": "img",
      },
      Object {
        "instance": null,
        "key": undefined,
        "nodeType": "host",
        "props": Object {
          "children": Array [
            <nav>
              <Button
                            handleClickEvent={[Function]}
                            section="people"
              />
              <Button
                            handleClickEvent={[Function]}
                            section="planets"
              />
              <Button
                            handleClickEvent={[Function]}
                            section="vehicles"
              />
              <Button
                            favoriteCount={0}
                            handleClickEvent={[Function]}
                            section="favorites"
              />
</nav>,
            <embed
              autostart="true"
              className="music-player"
              hidden="true"
              loop="false"
              src="/assets/Cantina band.mp3"
/>,
          ],
          "className": "nav-container",
        },
        "ref": null,
        "rendered": Array [
          Object {
            "instance": null,
            "key": undefined,
            "nodeType": "host",
            "props": Object {
              "children": Array [
                <Button
                  handleClickEvent={[Function]}
                  section="people"
/>,
                <Button
                  handleClickEvent={[Function]}
                  section="planets"
/>,
                <Button
                  handleClickEvent={[Function]}
                  section="vehicles"
/>,
                <Button
                  favoriteCount={0}
                  handleClickEvent={[Function]}
                  section="favorites"
/>,
              ],
            },
            "ref": null,
            "rendered": Array [
              Object {
                "instance": null,
                "key": undefined,
                "nodeType": "function",
                "props": Object {
                  "handleClickEvent": [Function],
                  "section": "people",
                },
                "ref": null,
                "rendered": null,
                "type": [Function],
              },
              Object {
                "instance": null,
                "key": undefined,
                "nodeType": "function",
                "props": Object {
                  "handleClickEvent": [Function],
                  "section": "planets",
                },
                "ref": null,
                "rendered": null,
                "type": [Function],
              },
              Object {
                "instance": null,
                "key": undefined,
                "nodeType": "function",
                "props": Object {
                  "handleClickEvent": [Function],
                  "section": "vehicles",
                },
                "ref": null,
                "rendered": null,
                "type": [Function],
              },
              Object {
                "instance": null,
                "key": undefined,
                "nodeType": "function",
                "props": Object {
                  "favoriteCount": 0,
                  "handleClickEvent": [Function],
                  "section": "favorites",
                },
                "ref": null,
                "rendered": null,
                "type": [Function],
              },
            ],
            "type": "nav",
          },
          Object {
            "instance": null,
            "key": undefined,
            "nodeType": "host",
            "props": Object {
              "autostart": "true",
              "className": "music-player",
              "hidden": "true",
              "loop": "false",
              "src": "/assets/Cantina band.mp3",
            },
            "ref": null,
            "rendered": null,
            "type": "embed",
          },
        ],
        "type": "div",
      },
      Object {
        "instance": null,
        "key": undefined,
        "nodeType": "function",
        "props": Object {
          "currentRandomFilm": Object {},
        },
        "ref": null,
        "rendered": null,
        "type": [Function],
      },
      Object {
        "instance": null,
        "key": undefined,
        "nodeType": "function",
        "props": Object {
          "currentSectionData": Array [],
          "handleFavorite": [Function],
        },
        "ref": null,
        "rendered": null,
        "type": [Function],
      },
    ],
    "type": "div",
  },
  Symbol(enzyme.__nodes__): Array [
    Object {
      "instance": null,
      "key": undefined,
      "nodeType": "host",
      "props": Object {
        "children": Array [
          <img
            alt="cantina"
            className="cantina-image"
            src="/assets/cantina.jpg"
/>,
          <div
            className="nav-container"
>
            <nav>
                        <Button
                                    handleClickEvent={[Function]}
                                    section="people"
                        />
                        <Button
                                    handleClickEvent={[Function]}
                                    section="planets"
                        />
                        <Button
                                    handleClickEvent={[Function]}
                                    section="vehicles"
                        />
                        <Button
                                    favoriteCount={0}
                                    handleClickEvent={[Function]}
                                    section="favorites"
                        />
            </nav>
            <embed
                        autostart="true"
                        className="music-player"
                        hidden="true"
                        loop="false"
                        src="/assets/Cantina band.mp3"
            />
</div>,
          <Film
            currentRandomFilm={Object {}}
/>,
          <CardContainer
            currentSectionData={Array []}
            handleFavorite={[Function]}
/>,
        ],
        "className": "App",
      },
      "ref": null,
      "rendered": Array [
        Object {
          "instance": null,
          "key": undefined,
          "nodeType": "host",
          "props": Object {
            "alt": "cantina",
            "className": "cantina-image",
            "src": "/assets/cantina.jpg",
          },
          "ref": null,
          "rendered": null,
          "type": "img",
        },
        Object {
          "instance": null,
          "key": undefined,
          "nodeType": "host",
          "props": Object {
            "children": Array [
              <nav>
                <Button
                                handleClickEvent={[Function]}
                                section="people"
                />
                <Button
                                handleClickEvent={[Function]}
                                section="planets"
                />
                <Button
                                handleClickEvent={[Function]}
                                section="vehicles"
                />
                <Button
                                favoriteCount={0}
                                handleClickEvent={[Function]}
                                section="favorites"
                />
</nav>,
              <embed
                autostart="true"
                className="music-player"
                hidden="true"
                loop="false"
                src="/assets/Cantina band.mp3"
/>,
            ],
            "className": "nav-container",
          },
          "ref": null,
          "rendered": Array [
            Object {
              "instance": null,
              "key": undefined,
              "nodeType": "host",
              "props": Object {
                "children": Array [
                  <Button
                    handleClickEvent={[Function]}
                    section="people"
/>,
                  <Button
                    handleClickEvent={[Function]}
                    section="planets"
/>,
                  <Button
                    handleClickEvent={[Function]}
                    section="vehicles"
/>,
                  <Button
                    favoriteCount={0}
                    handleClickEvent={[Function]}
                    section="favorites"
/>,
                ],
              },
              "ref": null,
              "rendered": Array [
                Object {
                  "instance": null,
                  "key": undefined,
                  "nodeType": "function",
                  "props": Object {
                    "handleClickEvent": [Function],
                    "section": "people",
                  },
                  "ref": null,
                  "rendered": null,
                  "type": [Function],
                },
                Object {
                  "instance": null,
                  "key": undefined,
                  "nodeType": "function",
                  "props": Object {
                    "handleClickEvent": [Function],
                    "section": "planets",
                  },
                  "ref": null,
                  "rendered": null,
                  "type": [Function],
                },
                Object {
                  "instance": null,
                  "key": undefined,
                  "nodeType": "function",
                  "props": Object {
                    "handleClickEvent": [Function],
                    "section": "vehicles",
                  },
                  "ref": null,
                  "rendered": null,
                  "type": [Function],
                },
                Object {
                  "instance": null,
                  "key": undefined,
                  "nodeType": "function",
                  "props": Object {
                    "favoriteCount": 0,
                    "handleClickEvent": [Function],
                    "section": "favorites",
                  },
                  "ref": null,
                  "rendered": null,
                  "type": [Function],
                },
              ],
              "type": "nav",
            },
            Object {
              "instance": null,
              "key": undefined,
              "nodeType": "host",
              "props": Object {
                "autostart": "true",
                "className": "music-player",
                "hidden": "true",
                "loop": "false",
                "src": "/assets/Cantina band.mp3",
              },
              "ref": null,
              "rendered": null,
              "type": "embed",
            },
          ],
          "type": "div",
        },
        Object {
          "instance": null,
          "key": undefined,
          "nodeType": "function",
          "props": Object {
            "currentRandomFilm": Object {},
          },
          "ref": null,
          "rendered": null,
          "type": [Function],
        },
        Object {
          "instance": null,
          "key": undefined,
          "nodeType": "function",
          "props": Object {
            "currentSectionData": Array [],
            "handleFavorite": [Function],
          },
          "ref": null,
          "rendered": null,
          "type": [Function],
        },
      ],
      "type": "div",
    },
  ],
  Symbol(enzyme.__options__): Object {
    "adapter": ReactSixteenAdapter {
      "options": Object {
        "enableComponentDidUpdateOnSetState": true,
      },
    },
    "disableLifecycleMethods": true,
  },
}
`;
