// Jest Snapshot v1, https://goo.gl/fbAQLP

exports[`App component should match the snapshot 1`] = `
ShallowWrapper {
  "length": 1,
  Symbol(enzyme.__root__): [Circular],
  Symbol(enzyme.__unrendered__): <App />,
  Symbol(enzyme.__renderer__): Object {
    "batchedUpdates": [Function],
    "getNode": [Function],
    "render": [Function],
    "simulateEvent": [Function],
    "unmount": [Function],
  },
  Symbol(enzyme.__node__): Object {
    "instance": null,
    "key": undefined,
    "nodeType": "host",
    "props": Object {
      "children": Array [
        <nav>
          <Button
                    handleClickEvent={[Function]}
                    section="people"
          />
          <Button
                    handleClickEvent={[Function]}
                    section="planets"
          />
          <Button
                    handleClickEvent={[Function]}
                    section="vehicles"
          />
</nav>,
        <Film
          currentRandomFilm={Object {}}
/>,
        <CardContainer
          currentSectionData={Array []}
/>,
      ],
      "className": "App",
    },
    "ref": null,
    "rendered": Array [
      Object {
        "instance": null,
        "key": undefined,
        "nodeType": "host",
        "props": Object {
          "children": Array [
            <Button
              handleClickEvent={[Function]}
              section="people"
/>,
            <Button
              handleClickEvent={[Function]}
              section="planets"
/>,
            <Button
              handleClickEvent={[Function]}
              section="vehicles"
/>,
          ],
        },
        "ref": null,
        "rendered": Array [
          Object {
            "instance": null,
            "key": undefined,
            "nodeType": "function",
            "props": Object {
              "handleClickEvent": [Function],
              "section": "people",
            },
            "ref": null,
            "rendered": null,
            "type": [Function],
          },
          Object {
            "instance": null,
            "key": undefined,
            "nodeType": "function",
            "props": Object {
              "handleClickEvent": [Function],
              "section": "planets",
            },
            "ref": null,
            "rendered": null,
            "type": [Function],
          },
          Object {
            "instance": null,
            "key": undefined,
            "nodeType": "function",
            "props": Object {
              "handleClickEvent": [Function],
              "section": "vehicles",
            },
            "ref": null,
            "rendered": null,
            "type": [Function],
          },
        ],
        "type": "nav",
      },
      Object {
        "instance": null,
        "key": undefined,
        "nodeType": "function",
        "props": Object {
          "currentRandomFilm": Object {},
        },
        "ref": null,
        "rendered": null,
        "type": [Function],
      },
      Object {
        "instance": null,
        "key": undefined,
        "nodeType": "function",
        "props": Object {
          "currentSectionData": Array [],
        },
        "ref": null,
        "rendered": null,
        "type": [Function],
      },
    ],
    "type": "div",
  },
  Symbol(enzyme.__nodes__): Array [
    Object {
      "instance": null,
      "key": undefined,
      "nodeType": "host",
      "props": Object {
        "children": Array [
          <nav>
            <Button
                        handleClickEvent={[Function]}
                        section="people"
            />
            <Button
                        handleClickEvent={[Function]}
                        section="planets"
            />
            <Button
                        handleClickEvent={[Function]}
                        section="vehicles"
            />
</nav>,
          <Film
            currentRandomFilm={Object {}}
/>,
          <CardContainer
            currentSectionData={Array []}
/>,
        ],
        "className": "App",
      },
      "ref": null,
      "rendered": Array [
        Object {
          "instance": null,
          "key": undefined,
          "nodeType": "host",
          "props": Object {
            "children": Array [
              <Button
                handleClickEvent={[Function]}
                section="people"
/>,
              <Button
                handleClickEvent={[Function]}
                section="planets"
/>,
              <Button
                handleClickEvent={[Function]}
                section="vehicles"
/>,
            ],
          },
          "ref": null,
          "rendered": Array [
            Object {
              "instance": null,
              "key": undefined,
              "nodeType": "function",
              "props": Object {
                "handleClickEvent": [Function],
                "section": "people",
              },
              "ref": null,
              "rendered": null,
              "type": [Function],
            },
            Object {
              "instance": null,
              "key": undefined,
              "nodeType": "function",
              "props": Object {
                "handleClickEvent": [Function],
                "section": "planets",
              },
              "ref": null,
              "rendered": null,
              "type": [Function],
            },
            Object {
              "instance": null,
              "key": undefined,
              "nodeType": "function",
              "props": Object {
                "handleClickEvent": [Function],
                "section": "vehicles",
              },
              "ref": null,
              "rendered": null,
              "type": [Function],
            },
          ],
          "type": "nav",
        },
        Object {
          "instance": null,
          "key": undefined,
          "nodeType": "function",
          "props": Object {
            "currentRandomFilm": Object {},
          },
          "ref": null,
          "rendered": null,
          "type": [Function],
        },
        Object {
          "instance": null,
          "key": undefined,
          "nodeType": "function",
          "props": Object {
            "currentSectionData": Array [],
          },
          "ref": null,
          "rendered": null,
          "type": [Function],
        },
      ],
      "type": "div",
    },
  ],
  Symbol(enzyme.__options__): Object {
    "adapter": ReactSixteenAdapter {
      "options": Object {
        "enableComponentDidUpdateOnSetState": true,
      },
    },
  },
}
`;
